Info: Starting: Create HDL design files for synthesis
Info: qsys-generate C:\Users\macze\Desktop\de0-nano-image-changer\remote_update.qsys --synthesis=VHDL --output-directory=C:\Users\macze\Desktop\de0-nano-image-changer\remote_update\synthesis --family="Cyclone IV E" --part=EP4CE22F17C6
Progress: Loading de0-nano-image-changer/remote_update.qsys
Progress: Reading input file
Progress: Adding remote_update_0 [altera_remote_update 23.1]
Progress: Parameterizing module remote_update_0
Progress: Building connections
Progress: Parameterizing connections
Progress: Validating
Progress: Done reading input file
Info: remote_update: Generating remote_update "remote_update" for QUARTUS_SYNTH
Info: remote_update_0: "remote_update" instantiated altera_remote_update "remote_update_0"
Info: remote_update_core: Generating top-level entity altera_remote_update_core.
Info: remote_update_core: "remote_update_0" instantiated altera_remote_update_core "remote_update_core"
Info: remote_update: Done "remote_update" with 3 modules, 3 files
Info: qsys-generate succeeded.
Info: Finished: Create HDL design files for synthesis
